I'm sorry, but errors were detected in your script. Please correct the
errors listed below, and try again.


File "game/script.rpy", line 50: invalid syntax
    global year_id = "Y14"
                    ^
    

Ren'Py Version: Ren'Py 7.4.11.2266
Tue Apr  5 12:59:37 2022
